// Vitest Snapshot v1, https://vitest.dev/guide/snapshot.html

exports[`highlight shadow dom > closed shadow dom > closed shadow dom 1`] = `"<my-card-closed><span slot="title"><b>M</b>y <b>Cus</b>tom <b>Ca</b>rd <b>Ti</b>tle</span><p><b>Th</b>is <b>i</b>s <b>s</b>ome <b>ca</b>rd <b>cont</b>ent.</p></my-card-closed>"`;

exports[`highlight shadow dom > opened shadow dom > opened shadow dom 1`] = `"<my-card><span slot="title"><b>M</b>y <b>Cus</b>tom <b>Ca</b>rd <b>Ti</b>tle</span><p><b>Th</b>is <b>i</b>s <b>s</b>ome <b>ca</b>rd <b>cont</b>ent.</p></my-card>"`;

exports[`hightlight complex html > complex html 1`] = `
"<header>
    <h1><b>Bio</b>nic <b>Read</b>ing 演示</h1>
    <p>测试复杂结构下的文本渲染</p>
  </header>

  <nav>
    <a href="#">主页</a>
    <a href="#">博客</a>
    <a href="#">项目</a>
    <a href="#">联系</a>
  </nav>

  <article>
    <h2>引言</h2>
    <p>随着信息爆炸式增长，<strong>高效阅读</strong>变得尤为重要。Bionic <b>Read</b>ing 通过突出词语的前缀，帮助读者更快识别内容，提高理解力。</p>

    <h2>段落示例</h2>
    <p>在这个段落中，我们会混合使用<strong>粗体</strong>、<em>斜体</em>、超链接以及引用：</p>
    <blockquote>“这是一个引用示例，用于测试 <b>Bio</b>nic <b>Read</b>ing 的表现。”</blockquote>
    <p>你可以访问<a href="https://www.example.com">这个链接</a>获取更多信息。</p>

    <h2>图片示例</h2>
    <img src="https://via.placeholder.com/600x200" alt="示意图">

    <h2>代码块</h2>
    <pre><code>function greet(name) {
  return 'Hello, ' + name + '!';
}</code></pre>

    <h2>表格</h2>
    <table>
      <thead>
        <tr>
          <th>项目</th>
          <th>状态</th>
          <th>进度</th>
        </tr>
      </thead>
      <tbody>
        <tr>
          <td>页面设计</td>
          <td>完成</td>
          <td>100%</td>
        </tr>
        <tr>
          <td>功能开发</td>
          <td>进行中</td>
          <td>60%</td>
        </tr>
      </tbody>
    </table>
  </article>

  <footer>
    <p>&amp;copy; 2025 示例网站 - <b>Bio</b>nic <b>Read</b>ing 测试</p>
  </footer>
  <script>
    console.log('This is a script tag.')
  </script>

  "
`;

exports[`hightlight complex html > english 1`] = `
"<div>
      <p><b>T</b>he <b>DO</b>M, <b>o</b>r <b>Docu</b>ment <b>Obj</b>ect <b>Mo</b>del</p>
      <p><b>dange</b>rous</p>
      <p><b>Th</b>is <b>i</b>s <b>ve</b>ry <i><b>impor</b>tant</i></p>
    </div>"
`;
